Axis Lengths: [5, 5]  (NB: Matrix in Row/Column order)
[0, 1, 1, 1, 1
 1, 0, 1, 1, 1
 1, 1, 0, 0, 0
 1, 1, 0, 0, 0
 1, 1, 0, 0, 0]
Antenna Expression: No match found for token(s) "CS013HBA[23]"
No match found for the antenna specificion [ID(s): []]
Axis Lengths: [5, 5]  (NB: Matrix in Row/Column order)
[0, 0, 0, 0, 0
 0, 0, 0, 0, 0
 0, 0, 0, 0, 0
 0, 0, 0, 0, 0
 0, 0, 0, 0, 0]
Axis Lengths: [5, 5]  (NB: Matrix in Row/Column order)
[1, 1, 1, 1, 0
 1, 1, 1, 1, 0
 1, 1, 1, 1, 0
 1, 1, 1, 0, 0
 0, 0, 0, 0, 0]
Axis Lengths: [5, 5]  (NB: Matrix in Row/Column order)
[1, 1, 0, 1, 0
 1, 1, 0, 1, 0
 0, 0, 1, 0, 1
 1, 1, 0, 1, 0
 0, 0, 1, 0, 1]
